******************************************************************************
                  TI ARM Linker PC v5.1.1                      
******************************************************************************
>> Linked Tue Aug 05 18:15:54 2014

OUTPUT FILE NAME:   <GE PLC.out>
ENTRY POINT SYMBOL: "_c_int00"  address: 00000d41


MEMORY CONFIGURATION

         name            origin    length      used     unused   attr    fill
----------------------  --------  ---------  --------  --------  ----  --------
  FLASH                 00000000   00040000  00000fe4  0003f01c  R  X
  SRAM                  20000000   00008000  00000894  0000776c  RW X


SEGMENT ALLOCATION MAP

run origin  load origin   length   init length attrs members
----------  ----------- ---------- ----------- ----- -------
00000000    00000000    00000fe8   00000fe8    r-x
  00000000    00000000    0000026c   0000026c    r-- .intvecs
  0000026c    0000026c    00000c94   00000c94    r-x .text
  00000f00    00000f00    000000ac   000000ac    r-- .const
  00000fb0    00000fb0    00000038   00000038    r-- .cinit
20000000    20000000    00000894   00000000    rw-
  20000000    20000000    00000800   00000000    rw- .stack
  20000800    20000800    00000080   00000000    rw- .bss
  20000880    20000880    00000014   00000000    rw- .data


SECTION ALLOCATION MAP

 output                                  attributes/
section   page    origin      length       input sections
--------  ----  ----------  ----------   ----------------
.intvecs   0    00000000    0000026c     
                  00000000    0000026c     lm4f120h5qr_startup_ccs.obj (.intvecs)

.init_array 
*          0    00000000    00000000     UNINITIALIZED

.text      0    0000026c    00000c94     
                  0000026c    000003e4     main.obj (.text)
                  00000650    000001f4     rtsv7M4_T_le_v4SPD16_eabi.lib : ull_div_t2.obj (.text)
                  00000844    000001d8     driverlib-cm4f.lib : sysctl.obj (.text:SysCtlClockGet)
                  00000a1c    0000013c                        : sysctl.obj (.text:SysCtlClockSet)
                  00000b58    0000009c     rtsv7M4_T_le_v4SPD16_eabi.lib : memcpy_t2.obj (.text)
                  00000bf4    00000094                                   : auto_init.obj (.text)
                  00000c88    0000005e                                   : copy_decompress_rle.obj (.text)
                  00000ce6    00000002     --HOLE-- [fill = 0]
                  00000ce8    00000058     driverlib-cm4f.lib : sysctl.obj (.text:SysCtlPeripheralEnable)
                  00000d40    00000048     rtsv7M4_T_le_v4SPD16_eabi.lib : boot.obj (.text)
                  00000d88    00000044                                   : cpy_tbl.obj (.text)
                  00000dcc    00000044                                   : exit.obj (.text)
                  00000e10    00000028     driverlib-cm4f.lib : timer.obj (.text:TimerConfigure)
                  00000e38    00000018     rtsv7M4_T_le_v4SPD16_eabi.lib : args_main.obj (.text)
                  00000e50    00000018                                   : ll_mul_t2.obj (.text)
                  00000e68    00000016     driverlib-cm4f.lib : timer.obj (.text:TimerValueGet64)
                  00000e7e    00000002     --HOLE-- [fill = 0]
                  00000e80    00000014                        : timer.obj (.text:TimerDisable)
                  00000e94    00000014     rtsv7M4_T_le_v4SPD16_eabi.lib : _lock.obj (.text)
                  00000ea8    00000012                                   : copy_zero_init.obj (.text:decompress:ZI)
                  00000eba    0000000e     driverlib-cm4f.lib : timer.obj (.text:TimerEnable)
                  00000ec8    0000000e     rtsv7M4_T_le_v4SPD16_eabi.lib : copy_decompress_none.obj (.text:decompress:none)
                  00000ed6    0000000c     lm4f120h5qr_startup_ccs.obj (.text)
                  00000ee2    0000000a     driverlib-cm4f.lib : gpio.obj (.text:GPIOPinWrite)
                  00000eec    00000008                        : timer.obj (.text:TimerLoadSet64)
                  00000ef4    00000006                        : sysctl.obj (.text:SysCtlDelay)
                  00000efa    00000006     rtsv7M4_T_le_v4SPD16_eabi.lib : copy_decompress_rle.obj (.text:decompress:rle24)

.const     0    00000f00    000000ac     
                  00000f00    0000006c     driverlib-cm4f.lib : sysctl.obj (.const:g_pulXtals)
                  00000f6c    00000040                        : sysctl.obj (.const)

.cinit     0    00000fb0    00000038     
                  00000fb0    0000000f     (.cinit..data.load) [load image, compression = rle]
                  00000fbf    00000001     --HOLE-- [fill = 0]
                  00000fc0    0000000c     (__TI_handler_table)
                  00000fcc    00000004     --HOLE-- [fill = 0]
                  00000fd0    00000008     (.cinit..bss.load) [load image, compression = zero_init]
                  00000fd8    00000010     (__TI_cinit_table)

.stack     0    20000000    00000800     UNINITIALIZED
                  20000000    00000800     --HOLE--

.bss       0    20000800    00000080     UNINITIALIZED
                  20000800    00000080     main.obj (.bss:timers)

.data      0    20000880    00000014     UNINITIALIZED
                  20000880    00000008     rtsv7M4_T_le_v4SPD16_eabi.lib : _lock.obj (.data)
                  20000888    00000008                                   : exit.obj (.data)
                  20000890    00000004                                   : stkdepth_vars.obj (.data)


LINKER GENERATED COPY TABLES

__TI_cinit_table @ 00000fd8 records: 2, size/record: 8, table size: 16
	.data: load addr=00000fb0, load size=0000000f bytes, run addr=20000880, run size=00000014 bytes, compression=rle
	.bss: load addr=00000fd0, load size=00000008 bytes, run addr=20000800, run size=00000080 bytes, compression=zero_init


LINKER GENERATED HANDLER TABLE

__TI_handler_table @ 00000fc0 records: 3, size/record: 4, table size: 12
	index: 0, handler: __TI_decompress_rle24
	index: 1, handler: __TI_decompress_none
	index: 2, handler: __TI_zero_init


GLOBAL SYMBOLS: SORTED ALPHABETICALLY BY Name 

address    name
--------   ----
00000dcd   C$$EXIT
00000ee3   GPIOPinWrite
00000ed7   ResetISR
UNDEFED    SHT$$INIT_ARRAY$$Base
UNDEFED    SHT$$INIT_ARRAY$$Limit
00000845   SysCtlClockGet
00000a1d   SysCtlClockSet
00000ef5   SysCtlDelay
00000ce9   SysCtlPeripheralEnable
00000e11   TimerConfigure
00000e81   TimerDisable
00000ebb   TimerEnable
00000eed   TimerLoadSet64
00000e69   TimerValueGet64
20000800   __STACK_END
00000800   __STACK_SIZE
20000200   __STACK_TOP
00000fd8   __TI_CINIT_Base
00000fe8   __TI_CINIT_Limit
00000fc0   __TI_Handler_Table_Base
00000fcc   __TI_Handler_Table_Limit
00000001   __TI_args_main
00000bf5   __TI_auto_init
20000888   __TI_cleanup_ptr
00000ec9   __TI_decompress_none
00000efb   __TI_decompress_rle24
2000088c   __TI_dtors_ptr
00000000   __TI_static_base__
00000ea9   __TI_zero_init
00000e51   __aeabi_lmul
00000b59   __aeabi_memcpy
00000b59   __aeabi_memcpy4
00000b59   __aeabi_memcpy8
00000651   __aeabi_uldivmod
ffffffff   __binit__
ffffffff   __c_args__
20000000   __stack
00000e39   _args_main
00000d41   _c_int00
20000880   _lock
00000ea3   _nop
00000e9b   _register_lock
00000e95   _register_unlock
20000884   _unlock
00000dd1   abort
ffffffff   binit
00000d89   copy_in
00000dd9   exit
00000000   g_pfnVectors
0000026d   main
20000890   main_func_sp
00000b59   memcpy
00000403   readBit
000003eb   setBitN
00000345   setupIO
000004f7   timer
00000309   timerSetup
20000800   timers
0000048b   writeBit


GLOBAL SYMBOLS: SORTED BY Symbol Address 

address    name
--------   ----
00000000   __TI_static_base__
00000000   g_pfnVectors
00000001   __TI_args_main
0000026d   main
00000309   timerSetup
00000345   setupIO
000003eb   setBitN
00000403   readBit
0000048b   writeBit
000004f7   timer
00000651   __aeabi_uldivmod
00000800   __STACK_SIZE
00000845   SysCtlClockGet
00000a1d   SysCtlClockSet
00000b59   __aeabi_memcpy
00000b59   __aeabi_memcpy4
00000b59   __aeabi_memcpy8
00000b59   memcpy
00000bf5   __TI_auto_init
00000ce9   SysCtlPeripheralEnable
00000d41   _c_int00
00000d89   copy_in
00000dcd   C$$EXIT
00000dd1   abort
00000dd9   exit
00000e11   TimerConfigure
00000e39   _args_main
00000e51   __aeabi_lmul
00000e69   TimerValueGet64
00000e81   TimerDisable
00000e95   _register_unlock
00000e9b   _register_lock
00000ea3   _nop
00000ea9   __TI_zero_init
00000ebb   TimerEnable
00000ec9   __TI_decompress_none
00000ed7   ResetISR
00000ee3   GPIOPinWrite
00000eed   TimerLoadSet64
00000ef5   SysCtlDelay
00000efb   __TI_decompress_rle24
00000fc0   __TI_Handler_Table_Base
00000fcc   __TI_Handler_Table_Limit
00000fd8   __TI_CINIT_Base
00000fe8   __TI_CINIT_Limit
20000000   __stack
20000200   __STACK_TOP
20000800   __STACK_END
20000800   timers
20000880   _lock
20000884   _unlock
20000888   __TI_cleanup_ptr
2000088c   __TI_dtors_ptr
20000890   main_func_sp
ffffffff   __binit__
ffffffff   __c_args__
ffffffff   binit
UNDEFED    SHT$$INIT_ARRAY$$Base
UNDEFED    SHT$$INIT_ARRAY$$Limit

[59 symbols]
